CRITICAL - 2026-10-06 03:18:25 --> ErrorException: Undefined array key "profile_picture"
[Method: GET, Route: customers]
in APPPATH\Views\customers.php on line 49.
 1 APPPATH\Views\customers.php(49): CodeIgniter\Debug\Exceptions->errorHandler(2, 'Undefined array key "profile_picture"', 'D:\\xampp\\htdocs\\pananan\\FA3\\app\\Views\\customers.php', 49)
 2 SYSTEMPATH\View\View.php(240): include('D:\\xampp\\htdocs\\pananan\\FA3\\app\\Views\\customers.php')
 3 SYSTEMPATH\View\View.php(243): CodeIgniter\View\View->CodeIgniter\View\{closure}()
 4 SYSTEMPATH\Common.php(1268): CodeIgniter\View\View->render('customers', [], true)
 5 APPPATH\Controllers\Customers.php(17): view('customers', [...])
 6 SYSTEMPATH\CodeIgniter.php(974): App\Controllers\Customers->index()
 7 SYSTEMPATH\CodeIgniter.php(520): CodeIgniter\CodeIgniter->runController(Object(App\Controllers\Customers))
 8 SYSTEMPATH\CodeIgniter.php(363): CodeIgniter\CodeIgniter->handleRequest(null, Object(Config\Cache), false)
 9 SYSTEMPATH\Boot.php(417): CodeIgniter\CodeIgniter->run()
10 SYSTEMPATH\Boot.php(68): CodeIgniter\Boot::runCodeIgniter(Object(CodeIgniter\CodeIgniter))
11 FCPATH\index.php(59): CodeIgniter\Boot::bootWeb(Object(Config\Paths))
12 SYSTEMPATH\rewrite.php(44): require_once('D:\\xampp\\htdocs\\pananan\\FA3\\public\\index.php')
CRITICAL - 2026-10-06 03:31:02 --> ErrorException: Undefined array key "profile_picture"
[Method: GET, Route: customers]
in APPPATH\Views\customers.php on line 49.
 1 APPPATH\Views\customers.php(49): CodeIgniter\Debug\Exceptions->errorHandler(2, 'Undefined array key "profile_picture"', 'D:\\xampp\\htdocs\\pananan\\FA3\\app\\Views\\customers.php', 49)
 2 SYSTEMPATH\View\View.php(240): include('D:\\xampp\\htdocs\\pananan\\FA3\\app\\Views\\customers.php')
 3 SYSTEMPATH\View\View.php(243): CodeIgniter\View\View->CodeIgniter\View\{closure}()
 4 SYSTEMPATH\Common.php(1268): CodeIgniter\View\View->render('customers', [], true)
 5 APPPATH\Controllers\Customers.php(16): view('customers', [...])
 6 SYSTEMPATH\CodeIgniter.php(974): App\Controllers\Customers->index()
 7 SYSTEMPATH\CodeIgniter.php(520): CodeIgniter\CodeIgniter->runController(Object(App\Controllers\Customers))
 8 SYSTEMPATH\CodeIgniter.php(363): CodeIgniter\CodeIgniter->handleRequest(null, Object(Config\Cache), false)
 9 SYSTEMPATH\Boot.php(417): CodeIgniter\CodeIgniter->run()
10 SYSTEMPATH\Boot.php(68): CodeIgniter\Boot::runCodeIgniter(Object(CodeIgniter\CodeIgniter))
11 FCPATH\index.php(59): CodeIgniter\Boot::bootWeb(Object(Config\Paths))
12 SYSTEMPATH\rewrite.php(44): require_once('D:\\xampp\\htdocs\\pananan\\FA3\\public\\index.php')
CRITICAL - 2026-10-06 03:31:44 --> ErrorException: Undefined array key "profile_picture"
[Method: GET, Route: users]
in APPPATH\Views\users.php on line 47.
 1 APPPATH\Views\users.php(47): CodeIgniter\Debug\Exceptions->errorHandler(2, 'Undefined array key "profile_picture"', 'D:\\xampp\\htdocs\\pananan\\FA3\\app\\Views\\users.php', 47)
 2 SYSTEMPATH\View\View.php(240): include('D:\\xampp\\htdocs\\pananan\\FA3\\app\\Views\\users.php')
 3 SYSTEMPATH\View\View.php(243): CodeIgniter\View\View->CodeIgniter\View\{closure}()
 4 SYSTEMPATH\Common.php(1268): CodeIgniter\View\View->render('users', [], true)
 5 APPPATH\Controllers\Users.php(16): view('users', [...])
 6 SYSTEMPATH\CodeIgniter.php(974): App\Controllers\Users->index()
 7 SYSTEMPATH\CodeIgniter.php(520): CodeIgniter\CodeIgniter->runController(Object(App\Controllers\Users))
 8 SYSTEMPATH\CodeIgniter.php(363): CodeIgniter\CodeIgniter->handleRequest(null, Object(Config\Cache), false)
 9 SYSTEMPATH\Boot.php(417): CodeIgniter\CodeIgniter->run()
10 SYSTEMPATH\Boot.php(68): CodeIgniter\Boot::runCodeIgniter(Object(CodeIgniter\CodeIgniter))
11 FCPATH\index.php(59): CodeIgniter\Boot::bootWeb(Object(Config\Paths))
12 SYSTEMPATH\rewrite.php(44): require_once('D:\\xampp\\htdocs\\pananan\\FA3\\public\\index.php')
CRITICAL - 2026-10-06 03:32:33 --> ErrorException: Undefined array key "profile_picture"
[Method: GET, Route: users]
in APPPATH\Views\users.php on line 48.
 1 APPPATH\Views\users.php(48): CodeIgniter\Debug\Exceptions->errorHandler(2, 'Undefined array key "profile_picture"', 'D:\\xampp\\htdocs\\pananan\\FA3\\app\\Views\\users.php', 48)
 2 SYSTEMPATH\View\View.php(240): include('D:\\xampp\\htdocs\\pananan\\FA3\\app\\Views\\users.php')
 3 SYSTEMPATH\View\View.php(243): CodeIgniter\View\View->CodeIgniter\View\{closure}()
 4 SYSTEMPATH\Common.php(1268): CodeIgniter\View\View->render('users', [], true)
 5 APPPATH\Controllers\Users.php(16): view('users', [...])
 6 SYSTEMPATH\CodeIgniter.php(974): App\Controllers\Users->index()
 7 SYSTEMPATH\CodeIgniter.php(520): CodeIgniter\CodeIgniter->runController(Object(App\Controllers\Users))
 8 SYSTEMPATH\CodeIgniter.php(363): CodeIgniter\CodeIgniter->handleRequest(null, Object(Config\Cache), false)
 9 SYSTEMPATH\Boot.php(417): CodeIgniter\CodeIgniter->run()
10 SYSTEMPATH\Boot.php(68): CodeIgniter\Boot::runCodeIgniter(Object(CodeIgniter\CodeIgniter))
11 FCPATH\index.php(59): CodeIgniter\Boot::bootWeb(Object(Config\Paths))
12 SYSTEMPATH\rewrite.php(44): require_once('D:\\xampp\\htdocs\\pananan\\FA3\\public\\index.php')
CRITICAL - 2026-10-06 03:41:36 --> ErrorException: Undefined array key "profile_picture"
[Method: GET, Route: users]
in APPPATH\Views\users.php on line 48.
 1 APPPATH\Views\users.php(48): CodeIgniter\Debug\Exceptions->errorHandler(2, 'Undefined array key "profile_picture"', 'D:\\xampp\\htdocs\\pananan\\FA3\\app\\Views\\users.php', 48)
 2 SYSTEMPATH\View\View.php(240): include('D:\\xampp\\htdocs\\pananan\\FA3\\app\\Views\\users.php')
 3 SYSTEMPATH\View\View.php(243): CodeIgniter\View\View->CodeIgniter\View\{closure}()
 4 SYSTEMPATH\Common.php(1268): CodeIgniter\View\View->render('users', [], true)
 5 APPPATH\Controllers\Users.php(16): view('users', [...])
 6 SYSTEMPATH\CodeIgniter.php(974): App\Controllers\Users->index()
 7 SYSTEMPATH\CodeIgniter.php(520): CodeIgniter\CodeIgniter->runController(Object(App\Controllers\Users))
 8 SYSTEMPATH\CodeIgniter.php(363): CodeIgniter\CodeIgniter->handleRequest(null, Object(Config\Cache), false)
 9 SYSTEMPATH\Boot.php(417): CodeIgniter\CodeIgniter->run()
10 SYSTEMPATH\Boot.php(68): CodeIgniter\Boot::runCodeIgniter(Object(CodeIgniter\CodeIgniter))
11 FCPATH\index.php(59): CodeIgniter\Boot::bootWeb(Object(Config\Paths))
12 SYSTEMPATH\rewrite.php(44): require_once('D:\\xampp\\htdocs\\pananan\\FA3\\public\\index.php')
DEBUG - 2026-10-06 04:01:52 --> Session: Class initialized using 'CodeIgniter\Session\Handlers\FileHandler' driver.
CRITICAL - 2026-10-06 04:01:59 --> Error: Undefined constant App\Controllers\Users::AVATAR_RULE
[Method: POST, Route: users/edit/1]
in APPPATH\Controllers\Users.php on line 93.
 1 SYSTEMPATH\CodeIgniter.php(974): App\Controllers\Users->update('1')
 2 SYSTEMPATH\CodeIgniter.php(520): CodeIgniter\CodeIgniter->runController(Object(App\Controllers\Users))
 3 SYSTEMPATH\CodeIgniter.php(363): CodeIgniter\CodeIgniter->handleRequest(null, Object(Config\Cache), false)
 4 SYSTEMPATH\Boot.php(417): CodeIgniter\CodeIgniter->run()
 5 SYSTEMPATH\Boot.php(68): CodeIgniter\Boot::runCodeIgniter(Object(CodeIgniter\CodeIgniter))
 6 FCPATH\index.php(59): CodeIgniter\Boot::bootWeb(Object(Config\Paths))
 7 SYSTEMPATH\rewrite.php(44): require_once('D:\\xampp\\htdocs\\pananan\\FA3\\public\\index.php')
DEBUG - 2026-10-06 04:03:22 --> Session: Class initialized using 'CodeIgniter\Session\Handlers\FileHandler' driver.
CRITICAL - 2026-10-06 04:03:24 --> TypeError: App\Controllers\Users::saveAvatar(): Argument #1 ($file) must be of type ?App\Controllers\UploadedFile, CodeIgniter\HTTP\Files\UploadedFile given, called in D:\xampp\htdocs\pananan\FA3\app\Controllers\Users.php on line 105
[Method: POST, Route: users/edit/1]
in APPPATH\Controllers\Users.php on line 117.
 1 APPPATH\Controllers\Users.php(105): App\Controllers\Users->saveAvatar(Object(CodeIgniter\HTTP\Files\UploadedFile))
 2 SYSTEMPATH\CodeIgniter.php(974): App\Controllers\Users->update('1')
 3 SYSTEMPATH\CodeIgniter.php(520): CodeIgniter\CodeIgniter->runController(Object(App\Controllers\Users))
 4 SYSTEMPATH\CodeIgniter.php(363): CodeIgniter\CodeIgniter->handleRequest(null, Object(Config\Cache), false)
 5 SYSTEMPATH\Boot.php(417): CodeIgniter\CodeIgniter->run()
 6 SYSTEMPATH\Boot.php(68): CodeIgniter\Boot::runCodeIgniter(Object(CodeIgniter\CodeIgniter))
 7 FCPATH\index.php(59): CodeIgniter\Boot::bootWeb(Object(Config\Paths))
 8 SYSTEMPATH\rewrite.php(44): require_once('D:\\xampp\\htdocs\\pananan\\FA3\\public\\index.php')
DEBUG - 2026-10-06 04:05:37 --> Session: Class initialized using 'CodeIgniter\Session\Handlers\FileHandler' driver.
DEBUG - 2026-10-06 04:05:39 --> Session: Class initialized using 'CodeIgniter\Session\Handlers\FileHandler' driver.
CRITICAL - 2026-10-06 04:05:43 --> TypeError: App\Controllers\Users::saveAvatar(): Argument #1 ($file) must be of type ?App\Controllers\UploadedFile, CodeIgniter\HTTP\Files\UploadedFile given, called in D:\xampp\htdocs\pananan\FA3\app\Controllers\Users.php on line 105
[Method: POST, Route: users/edit/1]
in APPPATH\Controllers\Users.php on line 117.
 1 APPPATH\Controllers\Users.php(105): App\Controllers\Users->saveAvatar(Object(CodeIgniter\HTTP\Files\UploadedFile))
 2 SYSTEMPATH\CodeIgniter.php(974): App\Controllers\Users->update('1')
 3 SYSTEMPATH\CodeIgniter.php(520): CodeIgniter\CodeIgniter->runController(Object(App\Controllers\Users))
 4 SYSTEMPATH\CodeIgniter.php(363): CodeIgniter\CodeIgniter->handleRequest(null, Object(Config\Cache), false)
 5 SYSTEMPATH\Boot.php(417): CodeIgniter\CodeIgniter->run()
 6 SYSTEMPATH\Boot.php(68): CodeIgniter\Boot::runCodeIgniter(Object(CodeIgniter\CodeIgniter))
 7 FCPATH\index.php(59): CodeIgniter\Boot::bootWeb(Object(Config\Paths))
 8 SYSTEMPATH\rewrite.php(44): require_once('D:\\xampp\\htdocs\\pananan\\FA3\\public\\index.php')
DEBUG - 2026-10-06 04:06:06 --> Session: Class initialized using 'CodeIgniter\Session\Handlers\FileHandler' driver.
CRITICAL - 2026-10-06 04:06:41 --> TypeError: App\Controllers\Users::saveAvatar(): Argument #1 ($file) must be of type ?App\Controllers\UploadedFile, CodeIgniter\HTTP\Files\UploadedFile given, called in D:\xampp\htdocs\pananan\FA3\app\Controllers\Users.php on line 105
[Method: POST, Route: users/edit/1]
in APPPATH\Controllers\Users.php on line 117.
 1 APPPATH\Controllers\Users.php(105): App\Controllers\Users->saveAvatar(Object(CodeIgniter\HTTP\Files\UploadedFile))
 2 SYSTEMPATH\CodeIgniter.php(974): App\Controllers\Users->update('1')
 3 SYSTEMPATH\CodeIgniter.php(520): CodeIgniter\CodeIgniter->runController(Object(App\Controllers\Users))
 4 SYSTEMPATH\CodeIgniter.php(363): CodeIgniter\CodeIgniter->handleRequest(null, Object(Config\Cache), false)
 5 SYSTEMPATH\Boot.php(417): CodeIgniter\CodeIgniter->run()
 6 SYSTEMPATH\Boot.php(68): CodeIgniter\Boot::runCodeIgniter(Object(CodeIgniter\CodeIgniter))
 7 FCPATH\index.php(59): CodeIgniter\Boot::bootWeb(Object(Config\Paths))
 8 SYSTEMPATH\rewrite.php(44): require_once('D:\\xampp\\htdocs\\pananan\\FA3\\public\\index.php')
DEBUG - 2026-10-06 04:08:00 --> Session: Class initialized using 'CodeIgniter\Session\Handlers\FileHandler' driver.
DEBUG - 2026-10-06 04:08:01 --> Session: Class initialized using 'CodeIgniter\Session\Handlers\FileHandler' driver.
CRITICAL - 2026-10-06 04:08:04 --> TypeError: App\Controllers\Users::saveAvatar(): Argument #1 ($file) must be of type ?App\Controllers\UploadedFile, CodeIgniter\HTTP\Files\UploadedFile given, called in D:\xampp\htdocs\pananan\FA3\app\Controllers\Users.php on line 105
[Method: POST, Route: users/edit/1]
in APPPATH\Controllers\Users.php on line 117.
 1 APPPATH\Controllers\Users.php(105): App\Controllers\Users->saveAvatar(Object(CodeIgniter\HTTP\Files\UploadedFile))
 2 SYSTEMPATH\CodeIgniter.php(974): App\Controllers\Users->update('1')
 3 SYSTEMPATH\CodeIgniter.php(520): CodeIgniter\CodeIgniter->runController(Object(App\Controllers\Users))
 4 SYSTEMPATH\CodeIgniter.php(363): CodeIgniter\CodeIgniter->handleRequest(null, Object(Config\Cache), false)
 5 SYSTEMPATH\Boot.php(417): CodeIgniter\CodeIgniter->run()
 6 SYSTEMPATH\Boot.php(68): CodeIgniter\Boot::runCodeIgniter(Object(CodeIgniter\CodeIgniter))
 7 FCPATH\index.php(59): CodeIgniter\Boot::bootWeb(Object(Config\Paths))
 8 SYSTEMPATH\rewrite.php(44): require_once('D:\\xampp\\htdocs\\pananan\\FA3\\public\\index.php')
DEBUG - 2026-10-06 04:17:01 --> Session: Class initialized using 'CodeIgniter\Session\Handlers\FileHandler' driver.
CRITICAL - 2026-10-06 04:17:03 --> TypeError: App\Controllers\Users::saveAvatar(): Argument #1 ($file) must be of type ?CodeIgniter\HTTP\File\UploadedFile, CodeIgniter\HTTP\Files\UploadedFile given, called in D:\xampp\htdocs\pananan\FA3\app\Controllers\Users.php on line 105
[Method: POST, Route: users/edit/1]
in APPPATH\Controllers\Users.php on line 117.
 1 APPPATH\Controllers\Users.php(105): App\Controllers\Users->saveAvatar(Object(CodeIgniter\HTTP\Files\UploadedFile))
 2 SYSTEMPATH\CodeIgniter.php(974): App\Controllers\Users->update('1')
 3 SYSTEMPATH\CodeIgniter.php(520): CodeIgniter\CodeIgniter->runController(Object(App\Controllers\Users))
 4 SYSTEMPATH\CodeIgniter.php(363): CodeIgniter\CodeIgniter->handleRequest(null, Object(Config\Cache), false)
 5 SYSTEMPATH\Boot.php(417): CodeIgniter\CodeIgniter->run()
 6 SYSTEMPATH\Boot.php(68): CodeIgniter\Boot::runCodeIgniter(Object(CodeIgniter\CodeIgniter))
 7 FCPATH\index.php(59): CodeIgniter\Boot::bootWeb(Object(Config\Paths))
 8 SYSTEMPATH\rewrite.php(44): require_once('D:\\xampp\\htdocs\\pananan\\FA3\\public\\index.php')
DEBUG - 2026-10-06 04:17:05 --> Session: Class initialized using 'CodeIgniter\Session\Handlers\FileHandler' driver.
DEBUG - 2026-10-06 04:17:12 --> Session: Class initialized using 'CodeIgniter\Session\Handlers\FileHandler' driver.
CRITICAL - 2026-10-06 04:17:13 --> TypeError: App\Controllers\Users::saveAvatar(): Argument #1 ($file) must be of type ?CodeIgniter\HTTP\File\UploadedFile, CodeIgniter\HTTP\Files\UploadedFile given, called in D:\xampp\htdocs\pananan\FA3\app\Controllers\Users.php on line 105
[Method: POST, Route: users/edit/1]
in APPPATH\Controllers\Users.php on line 117.
 1 APPPATH\Controllers\Users.php(105): App\Controllers\Users->saveAvatar(Object(CodeIgniter\HTTP\Files\UploadedFile))
 2 SYSTEMPATH\CodeIgniter.php(974): App\Controllers\Users->update('1')
 3 SYSTEMPATH\CodeIgniter.php(520): CodeIgniter\CodeIgniter->runController(Object(App\Controllers\Users))
 4 SYSTEMPATH\CodeIgniter.php(363): CodeIgniter\CodeIgniter->handleRequest(null, Object(Config\Cache), false)
 5 SYSTEMPATH\Boot.php(417): CodeIgniter\CodeIgniter->run()
 6 SYSTEMPATH\Boot.php(68): CodeIgniter\Boot::runCodeIgniter(Object(CodeIgniter\CodeIgniter))
 7 FCPATH\index.php(59): CodeIgniter\Boot::bootWeb(Object(Config\Paths))
 8 SYSTEMPATH\rewrite.php(44): require_once('D:\\xampp\\htdocs\\pananan\\FA3\\public\\index.php')
DEBUG - 2026-10-06 04:17:17 --> Session: Class initialized using 'CodeIgniter\Session\Handlers\FileHandler' driver.
DEBUG - 2026-10-06 04:19:39 --> Session: Class initialized using 'CodeIgniter\Session\Handlers\FileHandler' driver.
CRITICAL - 2026-10-06 04:19:43 --> TypeError: App\Controllers\Users::saveAvatar(): Argument #1 ($file) must be of type ?CodeIgniter\HTTP\File\UploadedFile, CodeIgniter\HTTP\Files\UploadedFile given, called in D:\xampp\htdocs\pananan\FA3\app\Controllers\Users.php on line 105
[Method: POST, Route: users/edit/1]
in APPPATH\Controllers\Users.php on line 117.
 1 APPPATH\Controllers\Users.php(105): App\Controllers\Users->saveAvatar(Object(CodeIgniter\HTTP\Files\UploadedFile))
 2 SYSTEMPATH\CodeIgniter.php(974): App\Controllers\Users->update('1')
 3 SYSTEMPATH\CodeIgniter.php(520): CodeIgniter\CodeIgniter->runController(Object(App\Controllers\Users))
 4 SYSTEMPATH\CodeIgniter.php(363): CodeIgniter\CodeIgniter->handleRequest(null, Object(Config\Cache), false)
 5 SYSTEMPATH\Boot.php(417): CodeIgniter\CodeIgniter->run()
 6 SYSTEMPATH\Boot.php(68): CodeIgniter\Boot::runCodeIgniter(Object(CodeIgniter\CodeIgniter))
 7 FCPATH\index.php(59): CodeIgniter\Boot::bootWeb(Object(Config\Paths))
 8 SYSTEMPATH\rewrite.php(44): require_once('D:\\xampp\\htdocs\\pananan\\FA3\\public\\index.php')
DEBUG - 2026-10-06 04:20:37 --> Session: Class initialized using 'CodeIgniter\Session\Handlers\FileHandler' driver.
DEBUG - 2026-10-06 04:20:39 --> Session: Class initialized using 'CodeIgniter\Session\Handlers\FileHandler' driver.
CRITICAL - 2026-10-06 04:20:42 --> TypeError: App\Controllers\Users::saveAvatar(): Argument #1 ($file) must be of type ?CodeIgniter\HTTP\File\UploadedFile, CodeIgniter\HTTP\Files\UploadedFile given, called in D:\xampp\htdocs\pananan\FA3\app\Controllers\Users.php on line 105
[Method: POST, Route: users/edit/1]
in APPPATH\Controllers\Users.php on line 117.
 1 APPPATH\Controllers\Users.php(105): App\Controllers\Users->saveAvatar(Object(CodeIgniter\HTTP\Files\UploadedFile))
 2 SYSTEMPATH\CodeIgniter.php(974): App\Controllers\Users->update('1')
 3 SYSTEMPATH\CodeIgniter.php(520): CodeIgniter\CodeIgniter->runController(Object(App\Controllers\Users))
 4 SYSTEMPATH\CodeIgniter.php(363): CodeIgniter\CodeIgniter->handleRequest(null, Object(Config\Cache), false)
 5 SYSTEMPATH\Boot.php(417): CodeIgniter\CodeIgniter->run()
 6 SYSTEMPATH\Boot.php(68): CodeIgniter\Boot::runCodeIgniter(Object(CodeIgniter\CodeIgniter))
 7 FCPATH\index.php(59): CodeIgniter\Boot::bootWeb(Object(Config\Paths))
 8 SYSTEMPATH\rewrite.php(44): require_once('D:\\xampp\\htdocs\\pananan\\FA3\\public\\index.php')
DEBUG - 2026-10-06 04:21:16 --> Session: Class initialized using 'CodeIgniter\Session\Handlers\FileHandler' driver.
DEBUG - 2026-10-06 04:21:19 --> Session: Class initialized using 'CodeIgniter\Session\Handlers\FileHandler' driver.
CRITICAL - 2026-10-06 04:21:23 --> TypeError: App\Controllers\Users::saveAvatar(): Argument #1 ($file) must be of type ?CodeIgniter\HTTP\File\UploadedFile, CodeIgniter\HTTP\Files\UploadedFile given, called in D:\xampp\htdocs\pananan\FA3\app\Controllers\Users.php on line 105
[Method: POST, Route: users/edit/2]
in APPPATH\Controllers\Users.php on line 117.
 1 APPPATH\Controllers\Users.php(105): App\Controllers\Users->saveAvatar(Object(CodeIgniter\HTTP\Files\UploadedFile))
 2 SYSTEMPATH\CodeIgniter.php(974): App\Controllers\Users->update('2')
 3 SYSTEMPATH\CodeIgniter.php(520): CodeIgniter\CodeIgniter->runController(Object(App\Controllers\Users))
 4 SYSTEMPATH\CodeIgniter.php(363): CodeIgniter\CodeIgniter->handleRequest(null, Object(Config\Cache), false)
 5 SYSTEMPATH\Boot.php(417): CodeIgniter\CodeIgniter->run()
 6 SYSTEMPATH\Boot.php(68): CodeIgniter\Boot::runCodeIgniter(Object(CodeIgniter\CodeIgniter))
 7 FCPATH\index.php(59): CodeIgniter\Boot::bootWeb(Object(Config\Paths))
 8 SYSTEMPATH\rewrite.php(44): require_once('D:\\xampp\\htdocs\\pananan\\FA3\\public\\index.php')
DEBUG - 2026-10-06 04:21:49 --> Session: Class initialized using 'CodeIgniter\Session\Handlers\FileHandler' driver.
DEBUG - 2026-10-06 04:21:50 --> Session: Class initialized using 'CodeIgniter\Session\Handlers\FileHandler' driver.
CRITICAL - 2026-10-06 04:21:51 --> TypeError: App\Controllers\Users::saveAvatar(): Argument #1 ($file) must be of type ?CodeIgniter\HTTP\File\UploadedFile, CodeIgniter\HTTP\Files\UploadedFile given, called in D:\xampp\htdocs\pananan\FA3\app\Controllers\Users.php on line 105
[Method: POST, Route: users/edit/2]
in APPPATH\Controllers\Users.php on line 117.
 1 APPPATH\Controllers\Users.php(105): App\Controllers\Users->saveAvatar(Object(CodeIgniter\HTTP\Files\UploadedFile))
 2 SYSTEMPATH\CodeIgniter.php(974): App\Controllers\Users->update('2')
 3 SYSTEMPATH\CodeIgniter.php(520): CodeIgniter\CodeIgniter->runController(Object(App\Controllers\Users))
 4 SYSTEMPATH\CodeIgniter.php(363): CodeIgniter\CodeIgniter->handleRequest(null, Object(Config\Cache), false)
 5 SYSTEMPATH\Boot.php(417): CodeIgniter\CodeIgniter->run()
 6 SYSTEMPATH\Boot.php(68): CodeIgniter\Boot::runCodeIgniter(Object(CodeIgniter\CodeIgniter))
 7 FCPATH\index.php(59): CodeIgniter\Boot::bootWeb(Object(Config\Paths))
 8 SYSTEMPATH\rewrite.php(44): require_once('D:\\xampp\\htdocs\\pananan\\FA3\\public\\index.php')
DEBUG - 2026-10-06 04:23:41 --> Session: Class initialized using 'CodeIgniter\Session\Handlers\FileHandler' driver.
DEBUG - 2026-10-06 04:54:14 --> Session: Class initialized using 'CodeIgniter\Session\Handlers\FileHandler' driver.
DEBUG - 2026-10-06 04:54:22 --> Session: Class initialized using 'CodeIgniter\Session\Handlers\FileHandler' driver.
DEBUG - 2026-10-06 04:54:29 --> Session: Class initialized using 'CodeIgniter\Session\Handlers\FileHandler' driver.
DEBUG - 2026-10-06 04:54:32 --> Session: Class initialized using 'CodeIgniter\Session\Handlers\FileHandler' driver.
DEBUG - 2026-10-06 04:54:39 --> Session: Class initialized using 'CodeIgniter\Session\Handlers\FileHandler' driver.
DEBUG - 2026-10-06 04:54:43 --> Session: Class initialized using 'CodeIgniter\Session\Handlers\FileHandler' driver.
DEBUG - 2026-10-06 04:54:51 --> Session: Class initialized using 'CodeIgniter\Session\Handlers\FileHandler' driver.
DEBUG - 2026-10-06 05:49:05 --> Session: Class initialized using 'CodeIgniter\Session\Handlers\FileHandler' driver.
DEBUG - 2026-10-06 05:49:13 --> Session: Class initialized using 'CodeIgniter\Session\Handlers\FileHandler' driver.
DEBUG - 2026-10-06 05:49:42 --> Session: Class initialized using 'CodeIgniter\Session\Handlers\FileHandler' driver.
DEBUG - 2026-10-06 05:49:57 --> Session: Class initialized using 'CodeIgniter\Session\Handlers\FileHandler' driver.
DEBUG - 2026-10-06 05:50:29 --> Session: Class initialized using 'CodeIgniter\Session\Handlers\FileHandler' driver.
DEBUG - 2026-10-06 05:50:31 --> Session: Class initialized using 'CodeIgniter\Session\Handlers\FileHandler' driver.
